Project Report for G:\知识汇总\0 - 个人学习\1 - 工程实践\Zigbee物联网项目开发\WirelessSersorMS\LINUX\main.si4project\main

Project Data Directory: G:\知识汇总\0 - 个人学习\1 - 工程实践\Zigbee物联网项目开发\WirelessSersorMS\LINUX\main.si4project
Project Source Directory: G:\知识汇总\0 - 个人学习\1 - 工程实践\Zigbee物联网项目开发\WirelessSersorMS\LINUX
Project contains 276 symbol records, 1020 index entries, and 15 files.


File                                                                                    大小      Obj  Lines      Date
------------------------------------------------------------------------------
data_global.c                                                                             2877        -     75      2022/8/6
    mutex_main_thread                                                                   (Variable at line 43-43)
    dev_camera_mask                                                                     (Variable at line 50-50)
    dev_uart_fd                                                                         (Variable at line 56-56)
    dev_uart_mask                                                                       (Variable at line 51-51)
    msgid                                                                               (Variable at line 58-58)
    mutex_camera                                                                        (Variable at line 44-44)
    mutex_global                                                                        (Variable at line 47-47)
    mutex_linklist                                                                      (Variable at line 48-48)
    mutex_refresh                                                                       (Variable at line 45-45)
    mutex_refresh_updata                                                                (Variable at line 46-46)
    mutex_slinklist                                                                     (Variable at line 40-40)
    mutex_uart_cmd                                                                      (Variable at line 42-42)
    mutex_zigbee_rcv                                                                    (Variable at line 41-41)
    semid                                                                               (Variable at line 60-60)
    void sendMsgQueue(long type, unsigned char text)                                    (Function at line 68-74)
    shmid                                                                               (Variable at line 59-59)
    storageNum                                                                          (Variable at line 64-64)
    zigbee_cache_head                                                                   (Variable at line 53-53)
    zigbee_cache_tail                                                                   (Variable at line 53-53)
    all_info_RT                                                                         (Variable at line 66-66)
    cond_camera                                                                         (Variable at line 35-35)
    cond_main_thread                                                                    (Variable at line 34-34)
    cond_refresh                                                                        (Variable at line 36-36)
    cond_refresh_updata                                                                 (Variable at line 37-37)
    cond_uart_cmd                                                                       (Variable at line 33-33)
    cond_zigbee_rcv                                                                     (Variable at line 32-32)
    dev_camera_fd                                                                       (Variable at line 55-55)
data_global.h                                                                             5426        -    205      2022/8/6
    sqlite_operation                                                                    (Structure at line 190-195)
        env_operation_mask                                                                  (Data Member at line 193-193)
        goods_operation_mask                                                                (Data Member at line 195-195)
        table_operation_mask                                                                (Data Member at line 194-194)
        table_select_mask                                                                   (Data Member at line 192-192)
    void sendMsgQueue(long, unsigned char)                                              (Function Prototype at line 157-157)
    MSG_CAMERA                                                                          (Constant at line 89-89)
    MSG_CONNECT_SUCCESS                                                                 (Constant at line 93-93)
    MSG_LED                                                                             (Constant at line 87-87)
    MSG_LED_HUM_OFF                                                                     (Constant at line 74-74)
    MSG_LED_HUM_ON                                                                      (Constant at line 73-73)
    MSG_LED_ILL_OFF                                                                     (Constant at line 76-76)
    MSG_LED_ILL_ON                                                                      (Constant at line 75-75)
    MSG_LED_TEM_OFF                                                                     (Constant at line 70-70)
    MSG_LED_TEM_ON                                                                      (Constant at line 69-69)
    MSG_LED_TRI_OFF                                                                     (Constant at line 78-78)
    MSG_LED_TRI_ON                                                                      (Constant at line 77-77)
    MSG_ZIGBEE                                                                          (Constant at line 90-90)
    MSG_M0_BEEP_AU_OFF                                                                  (Constant at line 101-101)
    MSG_M0_BEEP_AU_ON                                                                   (Constant at line 102-102)
    MSG_M0_BEEP_OFF                                                                     (Constant at line 99-99)
    MSG_M0_BEEP_ON                                                                      (Constant at line 100-100)
    MSG_M0_FAN_OFF                                                                      (Constant at line 94-94)
    MSG_M0_FAN_ON1                                                                      (Constant at line 95-95)
    MSG_M0_FAN_ON2                                                                      (Constant at line 96-96)
    MSG_M0_FAN_ON3                                                                      (Constant at line 97-97)
    MSG_M0_LED_OFF                                                                      (Constant at line 104-104)
    MSG_M0_LED_ON                                                                       (Constant at line 105-105)
    MSG_M0_SEG_OFF                                                                      (Constant at line 108-108)
    MSG_M0_SEG_ON                                                                       (Constant at line 107-107)
    void * pthread_camera(void *)                                                       (Function Prototype at line 154-154)
    void * pthread_main(void *)                                                         (Function Prototype at line 153-153)
    void * pthread_refresh(void *)                                                      (Function Prototype at line 155-155)
    QUEUE_MSG_LEN                                                                       (Constant at line 121-121)
    void * pthread_uart_send(void *)                                                    (Function Prototype at line 152-152)
    void * pthread_zigbee_rcv(void *)                                                   (Function Prototype at line 151-151)
    msg                                                                                 (Structure at line 198-202)
        msgtype                                                                             (Data Member at line 201-201)
        text                                                                                (Data Member at line 202-202)
        type                                                                                (Data Member at line 200-200)
    MSG_BEEP                                                                            (Constant at line 88-88)
    MSG_BEEP_OFF                                                                        (Constant at line 82-82)
    MSG_BEEP_ON                                                                         (Constant at line 83-83)
    GOODS_REDUCE                                                                        (Constant at line 116-116)
    env_info_array                                                                      (Structure at line 185-187)
        env_no                                                                              (Data Member at line 187-187)
    ENV_UPDATE                                                                          (Constant at line 110-110)
    GOODS_ADD                                                                           (Constant at line 115-115)
    GOODS_GET                                                                           (Constant at line 117-117)
    LEN_ENV                                                                             (Constant at line 124-124)
    BEEP_OFF                                                                            (Constant at line 57-57)
    BEEP_ON                                                                             (Constant at line 58-58)
    COLLECT_CURRENT_GET                                                                 (Constant at line 114-114)
    COLLECT_INSERTER                                                                    (Constant at line 112-112)
    COLLECT_TIME_GET                                                                    (Constant at line 113-113)
    __DATA_GLOBAL__H__                                                                  (Constant at line 29-29)
    DEV_CAMERA                                                                          (Constant at line 54-54)
    DEV_ZIGBEE                                                                          (Constant at line 53-53)
    ENDPOIT_NUM                                                                         (Constant at line 64-64)
    ENV_GET                                                                             (Constant at line 111-111)
    env_info                                                                            (Structure at line 159-182)
        humidity                                                                            (Data Member at line 173-173)
        humidityMAX                                                                         (Data Member at line 175-175)
        humidityMIN                                                                         (Data Member at line 174-174)
        illumination                                                                        (Data Member at line 177-177)
        illuminationMAX                                                                     (Data Member at line 179-179)
        illuminationMIN                                                                     (Data Member at line 178-178)
        samplingTime                                                                        (Data Member at line 169-169)
        temperature                                                                         (Data Member at line 170-170)
        temperatureMAX                                                                      (Data Member at line 172-172)
        temperatureMIN                                                                      (Data Member at line 171-171)
        x                                                                                   (Data Member at line 166-166)
        y                                                                                   (Data Member at line 167-167)
        z                                                                                   (Data Member at line 168-168)
        hongwai                                                                             (Data Member at line 176-176)
        adc                                                                                 (Data Member at line 181-181)
        adcMIN                                                                              (Data Member at line 182-182)
        gas                                                                                 (Data Member at line 180-180)
        buzzer_status                                                                       (Data Member at line 163-163)
        fan_status                                                                          (Data Member at line 164-164)
        led_status                                                                          (Data Member at line 162-162)
        seg_status                                                                          (Data Member at line 165-165)
        storage_status                                                                      (Data Member at line 161-161)
link_list.c                                                                               2506        -     80      2022/8/6
    linklist CreateEmptyLinklist()                                                      (Function at line 37-43)
    int EmptyLinklist(linklist h)                                                       (Function at line 46-48)
    linklist GetLinknode(linklist h)                                                    (Function at line 51-61)
    int InsertLinknode(link_datatype x)                                                 (Function at line 64-77)
    envlinkTail                                                                         (Variable at line 34-34)
    envlinkHead                                                                         (Variable at line 34-34)
link_list.h                                                                               2075        -     49      2022/8/6
    linklist CreateEmptyLinklist()                                                      (Function Prototype at line 44-44)
    int EmptyLinklist(linklist h)                                                       (Function Prototype at line 45-45)
    linklist GetLinknode(linklist h)                                                    (Function Prototype at line 46-46)
    int InsertLinknode(link_datatype x)                                                 (Function Prototype at line 47-47)
    linklist                                                                            (Type Definition at line 38-41)
    linknode                                                                            (Type Definition at line 38-41)
    link_datatype                                                                       (Type Definition at line 32-35)
    __LIST_QUEUE_H____                                                                  (Constant at line 29-29)
    msg_pack                                                                            (Structure at line 32-35)
        msg_type                                                                            (Data Member at line 34-34)
        text                                                                                (Data Member at line 35-35)
    _node_                                                                              (Structure at line 38-41)
        data                                                                                (Data Member at line 40-40)
        next                                                                                (Data Member at line 41-41)
main.c                                                                                    5086        -    146      2022/8/6
    mutex_main_thread                                                                   (External Variable at line 48-48)
    mutex_global                                                                        (External Variable at line 52-52)
    mutex_linklist                                                                      (External Variable at line 53-53)
    mutex_refresh                                                                       (External Variable at line 50-50)
    mutex_refresh_updata                                                                (External Variable at line 51-51)
    mutex_slinklist                                                                     (External Variable at line 45-45)
    mutex_uart_cmd                                                                      (External Variable at line 47-47)
    mutex_zigbee_rcv                                                                    (External Variable at line 46-46)
    void ReleaseResource(int signo)                                                     (Function at line 71-105)
    semid                                                                               (External Variable at line 60-60)
    shmid                                                                               (External Variable at line 59-59)
    id_main_thread                                                                      (Variable at line 67-67)
    id_refresh                                                                          (Variable at line 69-69)
    id_uart_cmd                                                                         (Variable at line 66-66)
    id_zigbee_rcv                                                                       (Variable at line 65-65)
    int main(int argc, char * * argv)                                                   (Function at line 107-145)
    msgid                                                                               (External Variable at line 58-58)
    mutex_camera                                                                        (External Variable at line 49-49)
    all_info_RT                                                                         (External Variable at line 63-63)
    cond_camera                                                                         (External Variable at line 41-41)
    cond_main_thread                                                                    (External Variable at line 40-40)
    cond_refresh                                                                        (External Variable at line 42-42)
    cond_refresh_updata                                                                 (External Variable at line 43-43)
    cond_uart_cmd                                                                       (External Variable at line 39-39)
    cond_zigbee_rcv                                                                     (External Variable at line 38-38)
    dev_camera_fd                                                                       (External Variable at line 55-55)
    dev_uart_fd                                                                         (External Variable at line 56-56)
    id_camera                                                                           (Variable at line 68-68)
Makefile                                                                                   317        -     14      2022/4/9
    CC                                                                                  (Variable at line 1-1)
    CFLAGS1                                                                             (Variable at line 2-2)
    CFLAGS2                                                                             (Variable at line 3-3)
    clean                                                                               (Label at line 12-14)
    OBJS                                                                                (Variable at line 4-14)
    zigbee                                                                              (Label at line 6-11)
    zigbee                                                                              (Label at line 6-14)
pthread_camera.c                                                                          2505        -     64      2022/8/6
    cond_camera                                                                         (External Variable at line 35-35)
    dev_camera_fd                                                                       (External Variable at line 31-31)
    dev_camera_mask                                                                     (External Variable at line 30-30)
    mutex_camera                                                                        (External Variable at line 33-33)
    void * pthread_camera(void * arg)                                                   (Function at line 37-63)
pthread_main.c                                                                            3942        -    118      2022/8/6
    mutex_uart_cmd                                                                      (External Variable at line 42-42)
    zigbee_cache_tail                                                                   (External Variable at line 49-49)
    void * pthread_main(void * arg)                                                     (Function at line 51-117)
    cond_camera                                                                         (External Variable at line 36-36)
    cond_refresh                                                                        (External Variable at line 37-37)
    cond_sqlite                                                                         (External Variable at line 39-39)
    cond_uart_cmd                                                                       (External Variable at line 38-38)
    dev_buzzer_mask                                                                     (External Variable at line 33-33)
    dev_camera_mask                                                                     (External Variable at line 32-32)
    dev_led_mask                                                                        (External Variable at line 31-31)
    dev_uart_mask                                                                       (External Variable at line 34-34)
    zigbee_cache_head                                                                   (External Variable at line 49-49)
    msgid                                                                               (External Variable at line 46-46)
    mutex_camera                                                                        (External Variable at line 43-43)
    mutex_global                                                                        (External Variable at line 41-41)
    mutex_slinklist                                                                     (External Variable at line 44-44)
    all_info_RT                                                                         (External Variable at line 47-47)
pthread_refresh.c                                                                         5498        -    212      2022/8/6
    void getEnvPackage(link_datatype * buf)                                             (Function at line 75-119)
    getEnvMsg                                                                           (Structure at line 58-73)
        lux                                                                                 (Data Member at line 68-68)
        gas                                                                                 (Data Member at line 70-70)
        adc                                                                                 (Data Member at line 72-72)
        rsv3                                                                                (Data Member at line 71-71)
        hum                                                                                 (Data Member at line 61-61)
        rsv2                                                                                (Data Member at line 69-69)
        ep_no                                                                               (Data Member at line 62-62)
        tem                                                                                 (Data Member at line 60-60)
        x                                                                                   (Data Member at line 63-63)
        y                                                                                   (Data Member at line 64-64)
        z                                                                                   (Data Member at line 65-65)
        hongwai                                                                             (Data Member at line 67-67)
    mutex_linklist                                                                      (External Variable at line 42-42)
    envlinkHead                                                                         (External Variable at line 48-48)
    all_info_RT                                                                         (External Variable at line 47-47)
    cond_refresh                                                                        (External Variable at line 40-40)
    cond_refresh_updata                                                                 (External Variable at line 41-41)
    envlinkTail                                                                         (External Variable at line 48-48)
    mutex_global                                                                        (External Variable at line 38-38)
    mutex_refresh                                                                       (External Variable at line 36-36)
    mutex_refresh_updata                                                                (External Variable at line 37-37)
    mutex_slinklist                                                                     (External Variable at line 39-39)
    N                                                                                   (Constant at line 34-34)
    void * pthread_refresh(void * arg)                                                  (Function at line 122-210)
    qt_status                                                                           (External Variable at line 44-44)
    semid                                                                               (External Variable at line 46-46)
    shmid                                                                               (External Variable at line 45-45)
    shm_addr                                                                            (Structure at line 50-54)
        cgi_status                                                                          (Data Member at line 52-52)
        qt_status                                                                           (Data Member at line 53-53)
        rt_status                                                                           (Data Member at line 54-54)
pthread_uart_send.c                                                                       2707        -     66      2022/8/6
    cond_uart_cmd                                                                       (External Variable at line 33-33)
    dev_uart_fd                                                                         (External Variable at line 31-31)
    dev_uart_mask                                                                       (External Variable at line 30-30)
    void * pthread_uart_send(void * arg)                                                (Function at line 39-65)
    zigbee_cache_head                                                                   (External Variable at line 37-37)
    mutex_uart_cmd                                                                      (External Variable at line 35-35)
    zigbee_cache_tail                                                                   (External Variable at line 37-37)
pthread_zigbee_rcv.c                                                                      3816        -    130      2022/8/6
    cond_refresh                                                                        (External Variable at line 37-37)
    dev_uart_fd                                                                         (External Variable at line 33-33)
    envlinkHead                                                                         (External Variable at line 35-35)
    mutex_linklist                                                                      (External Variable at line 36-36)
    void * pthread_zigbee_rcv(void * arg)                                               (Function at line 58-129)
    void serial_init(int fd)                                                            (Function at line 39-55)
sem.h                                                                                     2574        -     83      2022/8/6
    int init_sem(int semid, int num, int val)                                           (Function at line 41-50)
    semun                                                                               (Union at line 33-38)
        array                                                                               (Data Member at line 36-36)
        buf                                                                                 (Data Member at line 35-35)
        __buf                                                                               (Data Member at line 37-37)
        val                                                                                 (Data Member at line 34-34)
    __SEM_H__                                                                           (Constant at line 29-29)
    int sem_p(int semid, int num)                                                       (Function at line 53-65)
    int sem_v(int semid, int num)                                                       (Function at line 68-80)
test.c                                                                                    2973        -    113      2022/8/6
    UINT8 born_cmd(UINT8 ep_no, UINT8 device, UINT8 data)                               (Function at line 59-61)
    DEVICE_BEEP                                                                         (Enum Constant at line 54-54)
    DEVICE_LED                                                                          (Enum Constant at line 55-55)
    DEVICE_MAX                                                                          (Enum Constant at line 56-56)
    int main()                                                                          (Function at line 64-112)
    msg                                                                                 (Structure at line 45-49)
        msgtype                                                                             (Data Member at line 48-48)
        text                                                                                (Data Member at line 49-49)
        type                                                                                (Data Member at line 47-47)
    N                                                                                   (Constant at line 40-40)
    UINT8                                                                               (Constant at line 43-43)
    DEVICE_RELY                                                                         (Enum Constant at line 53-53)
uart_cache.c                                                                              2553        -     80      2022/8/6
    uart_cache_list CreateEmptyCacheList()                                              (Function at line 34-39)
    int EmptyCacheList(uart_cache_list h)                                               (Function at line 43-45)
    uart_cache_list GetCacheNode(uart_cache_list h, uart_cache_list * t)                (Function at line 48-61)
    int InsertCacheNode(uart_cache_list * t, uart_cache_data x)                         (Function at line 64-77)
uart_cache.h                                                                              2159        -     48      2022/8/6
    uart_cache_list CreateEmptyCacheList()                                              (Function Prototype at line 43-43)
    int EmptyCacheList(uart_cache_list)                                                 (Function Prototype at line 44-44)
    uart_cache_list GetCacheNode(uart_cache_list, uart_cache_list *)                    (Function Prototype at line 45-45)
    int InsertCacheNode(uart_cache_list *, uart_cache_data)                             (Function Prototype at line 46-46)
    uart_cache_data                                                                     (Type Definition at line 35-35)
    __UART_CACHE_H__                                                                    (Constant at line 29-29)
    uart_cache_list                                                                     (Type Definition at line 37-40)
    uart_cache_node                                                                     (Type Definition at line 37-40)
    _uart_node_                                                                         (Structure at line 37-40)
        data                                                                                (Data Member at line 39-39)
        next                                                                                (Data Member at line 40-40)

Total Files:           15
Total Bytes:        47014
Total Lines:         1483
Total Symbols:        276


